При импорте объекта ''uf_Dashboard'' в Microsoft Access произошла ошибка.

Ошибка в строке 447.
Ожидалось: Конец файла. Найдено: Attribute.
